\BOOKMARK [1][]{section.1}{\376\377\000I\000n\000t\000r\000o\000d\000u\000c\000t\000i\000o\000n}{}% 1
\BOOKMARK [2][]{subsection.1.1}{\376\377\000T\000h\000e\000\040\000P\000r\000o\000b\000l\000e\000m\000\040\000a\000n\000d\000\040\000I\000t\000s\000\040\000S\000i\000g\000n\000i\000f\000i\000c\000a\000n\000c\000e}{section.1}% 2
\BOOKMARK [2][]{subsection.1.2}{\376\377\000R\000e\000s\000e\000a\000r\000c\000h\000\040\000Q\000u\000e\000s\000t\000i\000o\000n\000s}{section.1}% 3
\BOOKMARK [2][]{subsection.1.3}{\376\377\000C\000o\000n\000t\000r\000i\000b\000u\000t\000i\000o\000n\000s}{section.1}% 4
\BOOKMARK [1][]{section.2}{\376\377\000P\000r\000o\000b\000l\000e\000m\000\040\000F\000o\000r\000m\000u\000l\000a\000t\000i\000o\000n}{}% 5
\BOOKMARK [2][]{subsection.2.1}{\376\377\000W\000i\000n\000d\000o\000w\000e\000d\000\040\000d\000e\000t\000e\000c\000t\000i\000o\000n}{section.2}% 6
\BOOKMARK [2][]{subsection.2.2}{\376\377\000D\000r\000i\000f\000t\000\040\000a\000n\000d\000\040\000t\000h\000e\000\040\000t\000e\000m\000p\000o\000r\000a\000l\000\040\000a\000x\000i\000s}{section.2}% 7
\BOOKMARK [2][]{subsection.2.3}{\376\377\000T\000h\000e\000\040\000t\000w\000o\000-\000a\000x\000i\000s\000\040\000d\000e\000s\000i\000g\000n}{section.2}% 8
\BOOKMARK [1][]{section.3}{\376\377\000M\000e\000t\000h\000o\000d\000o\000l\000o\000g\000y}{}% 9
\BOOKMARK [2][]{subsection.3.1}{\376\377\000R\000e\000s\000e\000a\000r\000c\000h\000\040\000d\000e\000s\000i\000g\000n\000\040\000a\000n\000d\000\040\000p\000h\000i\000l\000o\000s\000o\000p\000h\000y}{section.3}% 10
\BOOKMARK [2][]{subsection.3.2}{\376\377\000T\000h\000e\000\040\000T\000r\000a\000c\000e\000F\000l\000i\000x\000\040\000t\000e\000s\000t\000b\000e\000d}{section.3}% 11
\BOOKMARK [2][]{subsection.3.3}{\376\377\000F\000a\000u\000l\000t\000\040\000i\000n\000j\000e\000c\000t\000i\000o\000n\000\040\000a\000n\000d\000\040\000g\000r\000o\000u\000n\000d\000-\000t\000r\000u\000t\000h\000\040\000l\000a\000b\000e\000l\000l\000i\000n\000g}{section.3}% 12
\BOOKMARK [2][]{subsection.3.4}{\376\377\000T\000e\000l\000e\000m\000e\000t\000r\000y\000\040\000c\000o\000n\000f\000i\000g\000u\000r\000a\000t\000i\000o\000n\000s\000\040\000\050\000t\000h\000e\000\040\000c\000o\000m\000p\000l\000e\000t\000e\000n\000e\000s\000s\000\040\000a\000x\000i\000s\000\051}{section.3}% 13
\BOOKMARK [2][]{subsection.3.5}{\376\377\000D\000r\000i\000f\000t\000\040\000r\000e\000g\000i\000m\000e\000s\000\040\000\050\000t\000h\000e\000\040\000t\000e\000m\000p\000o\000r\000a\000l\000\040\000a\000x\000i\000s\000\051}{section.3}% 14
\BOOKMARK [2][]{subsection.3.6}{\376\377\000L\000e\000a\000r\000n\000e\000r\000s\000\040\000a\000n\000d\000\040\000t\000h\000e\000\040\000o\000n\000l\000i\000n\000e\000\040\000m\000o\000d\000e\000l}{section.3}% 15
\BOOKMARK [2][]{subsection.3.7}{\376\377\000E\000v\000a\000l\000u\000a\000t\000i\000o\000n\000\040\000a\000n\000d\000\040\000c\000o\000s\000t\000\040\000m\000e\000t\000r\000i\000c\000s}{section.3}% 16
\BOOKMARK [2][]{subsection.3.8}{\376\377\000R\000e\000p\000r\000o\000d\000u\000c\000i\000b\000i\000l\000i\000t\000y}{section.3}% 17
\BOOKMARK [2][]{subsection.3.9}{\376\377\000T\000h\000r\000e\000a\000t\000s\000\040\000t\000o\000\040\000v\000a\000l\000i\000d\000i\000t\000y}{section.3}% 18
\BOOKMARK [3][]{section*.2}{\376\377\000I\000n\000t\000e\000r\000n\000a\000l\000\040\000v\000a\000l\000i\000d\000i\000t\000y\000.}{subsection.3.9}% 19
\BOOKMARK [4][]{section*.3}{\376\377\000E\000x\000t\000e\000r\000n\000a\000l\000\040\000v\000a\000l\000i\000d\000i\000t\000y\000.}{section*.2}% 20
\BOOKMARK [4][]{section*.4}{\376\377\000C\000o\000n\000s\000t\000r\000u\000c\000t\000\040\000v\000a\000l\000i\000d\000i\000t\000y\000.}{section*.2}% 21
\BOOKMARK [4][]{section*.5}{\376\377\000C\000o\000n\000c\000l\000u\000s\000i\000o\000n\000\040\000v\000a\000l\000i\000d\000i\000t\000y\000.}{section*.2}% 22
\BOOKMARK [1][]{section.4}{\376\377\000R\000e\000s\000u\000l\000t\000s}{}% 23
\BOOKMARK [2][]{subsection.4.1}{\376\377\000R\000Q\0001\000:\000\040\000D\000o\000e\000s\000\040\000r\000i\000c\000h\000e\000r\000\040\000t\000e\000l\000e\000m\000e\000t\000r\000y\000\040\000r\000a\000i\000s\000e\000\040\000t\000h\000e\000\040\000d\000e\000t\000e\000c\000t\000i\000o\000n\000\040\000c\000e\000i\000l\000i\000n\000g\000?}{section.4}% 24
\BOOKMARK [2][]{subsection.4.2}{\376\377\000R\000Q\0002\000:\000\040\000W\000h\000i\000c\000h\000\040\000m\000o\000d\000e\000l\000\040\000f\000a\000m\000i\000l\000y\000\040\000b\000e\000s\000t\000\040\000e\000x\000p\000l\000o\000i\000t\000s\000\040\000m\000u\000l\000t\000i\000m\000o\000d\000a\000l\000\040\000t\000e\000l\000e\000m\000e\000t\000r\000y\000?}{section.4}% 25
\BOOKMARK [2][]{subsection.4.3}{\376\377\000R\000Q\0003\000:\000\040\000W\000h\000a\000t\000\040\000d\000o\000e\000s\000\040\000d\000i\000s\000t\000r\000i\000b\000u\000t\000e\000d\000\040\000t\000r\000a\000c\000i\000n\000g\000\040\000a\000d\000d\000\040\000t\000o\000\040\000l\000o\000c\000a\000l\000i\000s\000a\000t\000i\000o\000n\000?}{section.4}% 26
\BOOKMARK [2][]{subsection.4.4}{\376\377\000R\000Q\0004\000:\000\040\000D\000o\000e\000s\000\040\000t\000h\000e\000\040\000l\000e\000a\000r\000n\000i\000n\000g\000\040\000p\000a\000r\000a\000d\000i\000g\000m\000\040\000m\000a\000t\000t\000e\000r\000\040\000u\000n\000d\000e\000r\000\040\000d\000r\000i\000f\000t\000?}{section.4}% 27
\BOOKMARK [3][]{subsubsection.4.4.1}{\376\377\000H\000e\000a\000d\000l\000i\000n\000e\000:\000\040\000F\0001\000\040\000o\000n\000\040\000t\000h\000e\000\040\000d\000r\000i\000f\000t\000e\000d\000\040\000s\000t\000r\000e\000a\000m}{subsection.4.4}% 28
\BOOKMARK [3][]{subsubsection.4.4.2}{\376\377\000P\000r\000e\000c\000i\000s\000i\000o\000n\000,\000\040\000r\000e\000c\000a\000l\000l\000\040\000a\000n\000d\000\040\000t\000h\000e\000\040\000s\000t\000a\000l\000e\000-\000n\000o\000r\000m\000a\000l\000\040\000s\000i\000g\000n\000a\000t\000u\000r\000e}{subsection.4.4}% 29
\BOOKMARK [3][]{subsubsection.4.4.3}{\376\377\000P\000e\000r\000-\000r\000e\000g\000i\000m\000e\000\040\000b\000r\000e\000a\000k\000d\000o\000w\000n}{subsection.4.4}% 30
\BOOKMARK [3][]{subsubsection.4.4.4}{\376\377\000O\000p\000e\000r\000a\000t\000i\000o\000n\000a\000l\000\040\000c\000o\000s\000t}{subsection.4.4}% 31
\BOOKMARK [3][]{subsubsection.4.4.5}{\376\377\000A\000d\000a\000p\000t\000a\000t\000i\000o\000n\000\040\000b\000e\000h\000a\000v\000i\000o\000u\000r}{subsection.4.4}% 32
\BOOKMARK [1][]{section.5}{\376\377\000L\000e\000s\000s\000o\000n\000s\000\040\000L\000e\000a\000r\000n\000e\000d}{}% 33
\BOOKMARK [2][]{subsection.5.1}{\376\377\000D\000r\000i\000f\000t\000,\000\040\000n\000o\000t\000\040\000c\000o\000m\000p\000l\000e\000t\000e\000n\000e\000s\000s\000,\000\040\000i\000s\000\040\000t\000h\000e\000\040\000d\000e\000c\000i\000d\000i\000n\000g\000\040\000f\000a\000c\000t\000o\000r}{section.5}% 34
\BOOKMARK [2][]{subsection.5.2}{\376\377\000T\000h\000e\000\040\000c\000o\000m\000p\000l\000e\000t\000e\000n\000e\000s\000s\000a\000d\000a\000p\000t\000a\000t\000i\000o\000n\000\040\000i\000n\000t\000e\000r\000a\000c\000t\000i\000o\000n}{section.5}% 35
\BOOKMARK [2][]{subsection.5.3}{\376\377\000O\000p\000e\000r\000a\000t\000i\000o\000n\000a\000l\000\040\000i\000m\000p\000l\000i\000c\000a\000t\000i\000o\000n\000s\000\040\000a\000n\000d\000\040\000a\000n\000\040\000S\000L\000A\000\040\000f\000r\000a\000m\000i\000n\000g}{section.5}% 36
\BOOKMARK [2][]{subsection.5.4}{\376\377\000W\000h\000e\000n\000\040\000i\000s\000\040\000p\000e\000r\000i\000o\000d\000i\000c\000\040\000r\000e\000t\000r\000a\000i\000n\000i\000n\000g\000\040\000a\000c\000c\000e\000p\000t\000a\000b\000l\000e\000?}{section.5}% 37
\BOOKMARK [2][]{subsection.5.5}{\376\377\000P\000r\000a\000c\000t\000i\000c\000a\000l\000\040\000g\000u\000i\000d\000a\000n\000c\000e}{section.5}% 38
\BOOKMARK [2][]{subsection.5.6}{\376\377\000A\000n\000a\000l\000y\000s\000i\000s\000\040\000b\000y\000\040\000f\000a\000u\000l\000t\000\040\000c\000a\000t\000e\000g\000o\000r\000y}{section.5}% 39
\BOOKMARK [2][]{subsection.5.7}{\376\377\000R\000e\000l\000a\000t\000i\000o\000n\000\040\000t\000o\000\040\000p\000r\000i\000o\000r\000\040\000w\000o\000r\000k}{section.5}% 40
\BOOKMARK [1][]{section.6}{\376\377\000T\000h\000r\000e\000a\000t\000s\000\040\000t\000o\000\040\000V\000a\000l\000i\000d\000i\000t\000y}{}% 41
\BOOKMARK [1][]{section.7}{\376\377\000R\000e\000l\000a\000t\000e\000d\000\040\000W\000o\000r\000k}{}% 42
\BOOKMARK [2][]{subsection.7.1}{\376\377\000O\000b\000s\000e\000r\000v\000a\000b\000i\000l\000i\000t\000y\000\040\000i\000n\000\040\000c\000l\000o\000u\000d\000-\000n\000a\000t\000i\000v\000e\000\040\000s\000y\000s\000t\000e\000m\000s}{section.7}% 43
\BOOKMARK [2][]{subsection.7.2}{\376\377\000T\000h\000e\000\040\000o\000b\000s\000e\000r\000v\000a\000b\000i\000l\000i\000t\000y\000\040\000p\000i\000p\000e\000l\000i\000n\000e\000\040\000a\000n\000d\000\040\000i\000t\000s\000\040\000t\000o\000o\000l\000i\000n\000g}{section.7}% 44
\BOOKMARK [2][]{subsection.7.3}{\376\377\000A\000n\000o\000m\000a\000l\000y\000-\000d\000e\000t\000e\000c\000t\000i\000o\000n\000\040\000t\000e\000c\000h\000n\000i\000q\000u\000e\000s}{section.7}% 45
\BOOKMARK [3][]{section*.6}{\376\377\000C\000l\000a\000s\000s\000i\000c\000a\000l\000\040\000m\000a\000c\000h\000i\000n\000e\000\040\000l\000e\000a\000r\000n\000i\000n\000g\000.}{subsection.7.3}% 46
\BOOKMARK [4][]{section*.7}{\376\377\000D\000e\000e\000p\000\040\000a\000n\000d\000\040\000t\000e\000m\000p\000o\000r\000a\000l\000\040\000m\000o\000d\000e\000l\000s\000.}{section*.6}% 47
\BOOKMARK [4][]{section*.8}{\376\377\000T\000h\000e\000\040\000r\000e\000c\000e\000n\000t\000\040\000s\000u\000r\000g\000e\000,\000\040\000b\000y\000\040\000m\000o\000d\000a\000l\000i\000t\000y\000.}{section*.6}% 48
\BOOKMARK [4][]{section*.9}{\376\377\000M\000u\000l\000t\000i\000m\000o\000d\000a\000l\000\040\000f\000u\000s\000i\000o\000n\000\040\000a\000n\000d\000\040\000t\000h\000e\000\040\000L\000L\000M\000\040\000t\000u\000r\000n\000.}{section*.6}% 49
\BOOKMARK [4][]{section*.10}{\376\377\000O\000b\000s\000e\000r\000v\000a\000b\000i\000l\000i\000t\000y\000-\000i\000n\000t\000e\000g\000r\000a\000t\000e\000d\000,\000\040\000p\000r\000o\000a\000c\000t\000i\000v\000e\000\040\000d\000e\000t\000e\000c\000t\000i\000o\000n\000.}{section*.6}% 50
\BOOKMARK [2][]{subsection.7.4}{\376\377\000R\000o\000o\000t\000-\000c\000a\000u\000s\000e\000\040\000a\000n\000a\000l\000y\000s\000i\000s\000\040\000t\000h\000r\000o\000u\000g\000h\000\040\000o\000b\000s\000e\000r\000v\000a\000b\000i\000l\000i\000t\000y\000\040\000d\000a\000t\000a}{section.7}% 51
\BOOKMARK [2][]{subsection.7.5}{\376\377\000C\000o\000n\000c\000e\000p\000t\000\040\000d\000r\000i\000f\000t\000\040\000a\000n\000d\000\040\000o\000n\000l\000i\000n\000e\000\040\000l\000e\000a\000r\000n\000i\000n\000g}{section.7}% 52
\BOOKMARK [2][]{subsection.7.6}{\376\377\000M\000o\000n\000i\000t\000o\000r\000i\000n\000g\000\040\000d\000a\000t\000a\000\040\000a\000n\000d\000\040\000r\000e\000a\000l\000-\000w\000o\000r\000l\000d\000\040\000e\000v\000a\000l\000u\000a\000t\000i\000o\000n}{section.7}% 53
\BOOKMARK [2][]{subsection.7.7}{\376\377\000S\000y\000n\000t\000h\000e\000s\000i\000s\000\040\000a\000n\000d\000\040\000r\000e\000s\000e\000a\000r\000c\000h\000\040\000g\000a\000p}{section.7}% 54
\BOOKMARK [1][]{section.8}{\376\377\000C\000o\000n\000c\000l\000u\000s\000i\000o\000n\000\040\000a\000n\000d\000\040\000F\000u\000t\000u\000r\000e\000\040\000W\000o\000r\000k}{}% 55
\BOOKMARK [2][]{section*.11}{\376\377\000A\000c\000k\000n\000o\000w\000l\000e\000d\000g\000e\000m\000e\000n\000t\000s}{section.8}% 56
\BOOKMARK [1][]{section.1.A}{\376\377\000F\000u\000l\000l\000\040\000f\000e\000a\000t\000u\000r\000e\000\040\000l\000i\000s\000t\000i\000n\000g}{}% 57
\BOOKMARK [1][]{section.1.B}{\376\377\000E\000x\000p\000e\000r\000i\000m\000e\000n\000t\000a\000l\000\040\000c\000o\000n\000s\000t\000a\000n\000t\000s}{}% 58
